******************************************************************************
                  TI ARM Linker PC v5.1.5                      
******************************************************************************
>> Linked Thu Sep 01 10:40:37 2016

OUTPUT FILE NAME:   <../Blinky.out>
ENTRY POINT SYMBOL: "_c_int00"  address: 000025c9


MEMORY CONFIGURATION

         name            origin    length      used     unused   attr    fill
----------------------  --------  ---------  --------  --------  ----  --------
  FLASH                 00000000   00040000  00002ad9  0003d527  R  X
  SRAM                  20000000   00008000  000018e4  0000671c  RW X


SEGMENT ALLOCATION MAP

run origin  load origin   length   init length attrs members
----------  ----------- ---------- ----------- ----- -------
00000000    00000000    00002ae0   00002ae0    r-x
  00000000    00000000    0000026c   0000026c    r-- .intvecs
  0000026c    0000026c    00002466   00002466    r-x .text
  000026d4    000026d4    000003c7   000003c7    r-- .const
  00002aa0    00002aa0    00000040   00000040    r-- .cinit
20000000    20000000    000018e4   00000000    rw-
  20000000    20000000    000016c4   00000000    rw- .bss
  200016c4    200016c4    00000200   00000000    rw- .stack
  200018c4    200018c4    00000020   00000000    rw- .data


SECTION ALLOCATION MAP

 output                                  attributes/
section   page    origin      length       input sections
--------  ----  ----------  ----------   ----------------
.intvecs   0    00000000    0000026c     
                  00000000    0000026c     Hardware.obj (.intvecs)

.init_array 
*          0    00000000    00000000     UNINITIALIZED

.text      0    0000026c    00002466     
                  0000026c    000009b4     Scope_Main.obj (.text)
                  00000c20    0000040c     Services.obj (.text)
                  0000102c    0000038c     LNet.obj (.text)
                  000013b8    0000028c     BlockServicesX2C.obj (.text)
                  00001644    000001fc     Hardware.obj (.text)
                  00001840    000001f4     X2C.obj (.text)
                  00001a34    000001d8     Main.obj (.text)
                  00001c0c    000001ac     Sin3Gen_FiP16.obj (.text)
                  00001db8    000000f8     SinGen_FiP16.obj (.text)
                  00001eb0    000000dc     I_FiP16.obj (.text)
                  00001f8c    000000b0     CommonFcts.obj (.text)
                  0000203c    0000009e     AutoSwitch_FiP16.obj (.text)
                  000020da    0000009c     rtsv7M4_T_le_eabi.lib : memcpy_t2.obj (.text)
                  00002176    00000002     --HOLE-- [fill = 0]
                  00002178    00000094                           : auto_init.obj (.text)
                  0000220c    00000086                           : fd_cmp_t2.obj (.text:__aeabi_cdcmple)
                  00002292    00000086                           : fd_cmp_t2.obj (.text:__aeabi_cdrcmple)
                  00002318    00000060                           : fs_cmp_t2.obj (.text:__aeabi_cfcmple)
                  00002378    00000060                           : fs_cmp_t2.obj (.text:__aeabi_cfrcmple)
                  000023d8    0000005e                           : copy_decompress_rle.obj (.text)
                  00002436    00000002     --HOLE-- [fill = 0]
                  00002438    0000004c     SerialGeneric.obj (.text)
                  00002484    00000048     TableStruct.obj (.text)
                  000024cc    00000044     rtsv7M4_T_le_eabi.lib : cpy_tbl.obj (.text)
                  00002510    00000044                           : exit.obj (.text)
                  00002554    00000040     Constant_FiP16.obj (.text)
                  00002594    00000034     Constant_FiP8.obj (.text)
                  000025c8    00000034     rtsv7M4_T_le_eabi.lib : boot.obj (.text)
                  000025fc    0000002c     Delay_FiP16.obj (.text)
                  00002628    0000002c     Hardware.obj (.text:retain)
                  00002654    0000002a     Negation_FiP16.obj (.text)
                  0000267e    00000002     --HOLE-- [fill = 0]
                  00002680    00000018     rtsv7M4_T_le_eabi.lib : args_main.obj (.text)
                  00002698    00000014                           : _lock.obj (.text)
                  000026ac    00000012                           : copy_zero_init.obj (.text:decompress:ZI)
                  000026be    0000000e                           : copy_decompress_none.obj (.text:decompress:none)
                  000026cc    00000006                           : copy_decompress_rle.obj (.text:decompress:rle24)

.const     0    000026d4    000003c7     
                  000026d4    00000202     Sin_Data.obj (.const:Sin_Table16)
                  000028d6    00000002     --HOLE-- [fill = 0]
                  000028d8    000000f0     X2C.obj (.const:blockFunctionTable)
                  000029c8    000000c0     X2C.obj (.const:parameterIdTable)
                  00002a88    00000013     Main.obj (.const)

.cinit     0    00002aa0    00000040     
                  00002aa0    00000016     (.cinit..data.load) [load image, compression = rle]
                  00002ab6    00000002     --HOLE-- [fill = 0]
                  00002ab8    0000000c     (__TI_handler_table)
                  00002ac4    00000004     --HOLE-- [fill = 0]
                  00002ac8    00000008     (.cinit..bss.load) [load image, compression = zero_init]
                  00002ad0    00000010     (__TI_cinit_table)

.bss       0    20000000    000016c4     UNINITIALIZED
                  20000000    00001388     Scope_Main.obj (.bss:ScopeArray)
                  20001388    00000100     Main.obj (.bss:bufferLNet)
                  20001488    00000078     X2C.obj (.bss:TScope)
                  20001500    0000006c     Services.obj (.bss:serviceTable)
                  2000156c    00000030     Main.obj (.bss:TheTableStruct)
                  2000159c    00000020     (.common:TOscillator__I)
                  200015bc    00000020     (.common:protocol)
                  200015dc    00000018     (.common:TAutoSwitch)
                  200015f4    00000018     (.common:TAutoSwitch1)
                  2000160c    00000018     (.common:TOscillator__AutoSwitch)
                  20001624    00000018     (.common:TSin3Gen)
                  2000163c    00000018     (.common:TSinGen)
                  20001654    00000018     (.common:interface)
                  2000166c    00000010     (.common:Outports)
                  2000167c    0000000c     (.common:TOscillator__Delay)
                  20001688    0000000c     (.common:TOscillator__Negation)
                  20001694    00000006     (.common:Inports)
                  2000169a    00000006     (.common:TAmplitude)
                  200016a0    00000006     (.common:TFrequency)
                  200016a6    00000006     (.common:TLED_off)
                  200016ac    00000006     (.common:TLED_on)
                  200016b2    00000006     (.common:TOscillator__C_1)
                  200016b8    00000006     (.common:TOscillator__C_init)
                  200016be    00000004     (.common:TOscillator__C_enable)
                  200016c2    00000001     (.common:lastSynByte)
                  200016c3    00000001     (.common:nextGlobalState)

.stack     0    200016c4    00000200     UNINITIALIZED
                  200016c4    00000200     --HOLE--

.data      0    200018c4    00000020     UNINITIALIZED
                  200018c4    00000008     rtsv7M4_T_le_eabi.lib : _lock.obj (.data)
                  200018cc    00000008                           : exit.obj (.data)
                  200018d4    00000006     Main.obj (.data)
                  200018da    00000002     --HOLE--
                  200018dc    00000004     LNet.obj (.data)
                  200018e0    00000004     rtsv7M4_T_le_eabi.lib : stkdepth_vars.obj (.data)


LINKER GENERATED COPY TABLES

__TI_cinit_table @ 00002ad0 records: 2, size/record: 8, table size: 16
	.data: load addr=00002aa0, load size=00000016 bytes, run addr=200018c4, run size=00000020 bytes, compression=rle
	.bss: load addr=00002ac8, load size=00000008 bytes, run addr=20000000, run size=000016c4 bytes, compression=zero_init


LINKER GENERATED HANDLER TABLE

__TI_handler_table @ 00002ab8 records: 3, size/record: 4, table size: 12
	index: 0, handler: __TI_decompress_rle24
	index: 1, handler: __TI_decompress_none
	index: 2, handler: __TI_zero_init


GLOBAL SYMBOLS: SORTED ALPHABETICALLY BY Name 

address    name
--------   ----
000020b9   AutoSwitch_FiP16_GetAddress
000020ad   AutoSwitch_FiP16_Init
00002091   AutoSwitch_FiP16_Load
0000206f   AutoSwitch_FiP16_Save
0000203d   AutoSwitch_FiP16_Update
00002511   C$$EXIT
0000201d   Common_GetAddress
0000201b   Common_Init
00002017   Common_Load
0000200f   Common_Save
0000200d   Common_Update
0000258b   Constant_FiP16_GetAddress
00002581   Constant_FiP16_Init
00002571   Constant_FiP16_Load
00002555   Constant_FiP16_Save
000025bf   Constant_FiP8_GetAddress
000025b3   Constant_FiP8_Init
000025ab   Constant_FiP8_Load
00002595   Constant_FiP8_Save
00002617   Delay_FiP16_GetAddress
00002609   Delay_FiP16_Init
000025fd   Delay_FiP16_Update
00001f63   I_FiP16_GetAddress
00001f4b   I_FiP16_Init
00001f37   I_FiP16_Load
00001f19   I_FiP16_Save
00001eb1   I_FiP16_Update
20001694   Inports
0000266d   Negation_FiP16_GetAddress
00002661   Negation_FiP16_Init
00002655   Negation_FiP16_Update
2000166c   Outports
00002647   ResetISR
UNDEFED    SHT$$INIT_ARRAY$$Base
UNDEFED    SHT$$INIT_ARRAY$$Limit
20000000   ScopeArray
00000c15   Scope_Main_GetAddress
00000b9b   Scope_Main_Init
00000ae9   Scope_Main_Load
00000733   Scope_Main_Save
00000523   Scope_Main_Update
00001d85   Sin3Gen_FiP16_GetAddress
00001d73   Sin3Gen_FiP16_Init
00001d57   Sin3Gen_FiP16_Load
00001d35   Sin3Gen_FiP16_Save
00001c0d   Sin3Gen_FiP16_Update
00001e8d   SinGen_FiP16_GetAddress
00001e7f   SinGen_FiP16_Init
00001e57   SinGen_FiP16_Load
00001e2b   SinGen_FiP16_Save
00001db9   SinGen_FiP16_Update
000026d4   Sin_Table16
2000169a   TAmplitude
200015dc   TAutoSwitch
200015f4   TAutoSwitch1
200016a0   TFrequency
200016a6   TLED_off
200016ac   TLED_on
2000160c   TOscillator__AutoSwitch
200016b2   TOscillator__C_1
200016be   TOscillator__C_enable
200016b8   TOscillator__C_init
2000167c   TOscillator__Delay
2000159c   TOscillator__I
20001688   TOscillator__Negation
20001488   TScope
20001624   TSin3Gen
2000163c   TSinGen
200018d4   TableStruct
2000156c   TheTableStruct
0000262b   Timer0IntHandler
00002629   UnusedISR
0000187f   X2C_Init
0000187b   X2C_Update
00001841   X2C_Update_1
200018c4   __STACK_END
00000200   __STACK_SIZE
200018c4   __STACK_TOP
00002ad0   __TI_CINIT_Base
00002ae0   __TI_CINIT_Limit
00002ab8   __TI_Handler_Table_Base
00002ac4   __TI_Handler_Table_Limit
00000001   __TI_args_main
00002179   __TI_auto_init
200018cc   __TI_cleanup_ptr
000026bf   __TI_decompress_none
000026cd   __TI_decompress_rle24
200018d0   __TI_dtors_ptr
00000000   __TI_static_base__
000026ad   __TI_zero_init
0000220d   __aeabi_cdcmpeq
0000220d   __aeabi_cdcmple
00002293   __aeabi_cdrcmple
00002319   __aeabi_cfcmpeq
00002319   __aeabi_cfcmple
00002379   __aeabi_cfrcmple
000020db   __aeabi_memcpy
000020db   __aeabi_memcpy4
000020db   __aeabi_memcpy8
ffffffff   __binit__
ffffffff   __c_args__
200016c4   __stack
00002681   _args_main
000025c9   _c_int00
200018c4   _lock
000026a7   _nop
0000269f   _register_lock
00002699   _register_unlock
200018c8   _unlock
00002515   abort
0000161f   addBlockServices
00000ff7   addCoreServices
00001617   addExtendedBlockServices
000024ad   addTableStructProtocol
ffffffff   binit
000028d8   blockFunctionTable
00002a88   compilationDate
000024cd   copy_in
0000251d   exit
00000000   g_pfnVectors
00001ff7   getAbsValI16
00001fe3   getAbsValI32
00001fc3   getAbsValI64
00001faf   getAbsValI8
00001f9f   getAbsValR32
00001f8d   getAbsValR64
0000147d   getBlockData
000013b9   getRAMBlock
000016a3   initHardware
00001035   initLNet
0000168f   initSerial
0000244b   initSerialGeneric
00000fe1   initServiceTable
00002485   initTableStruct
0000243f   linkSerial
00001b03   main
00001a35   mainTask
200018e0   main_func_sp
000020db   memcpy
000029c8   parameterIdTable
000014e9   putBlockData
00001561   putRAMBlock
00000ef9   sendError
00000c51   sendSvNotAvailable


GLOBAL SYMBOLS: SORTED BY Symbol Address 

address    name
--------   ----
00000000   __TI_static_base__
00000000   g_pfnVectors
00000001   __TI_args_main
00000200   __STACK_SIZE
00000523   Scope_Main_Update
00000733   Scope_Main_Save
00000ae9   Scope_Main_Load
00000b9b   Scope_Main_Init
00000c15   Scope_Main_GetAddress
00000c51   sendSvNotAvailable
00000ef9   sendError
00000fe1   initServiceTable
00000ff7   addCoreServices
00001035   initLNet
000013b9   getRAMBlock
0000147d   getBlockData
000014e9   putBlockData
00001561   putRAMBlock
00001617   addExtendedBlockServices
0000161f   addBlockServices
0000168f   initSerial
000016a3   initHardware
00001841   X2C_Update_1
0000187b   X2C_Update
0000187f   X2C_Init
00001a35   mainTask
00001b03   main
00001c0d   Sin3Gen_FiP16_Update
00001d35   Sin3Gen_FiP16_Save
00001d57   Sin3Gen_FiP16_Load
00001d73   Sin3Gen_FiP16_Init
00001d85   Sin3Gen_FiP16_GetAddress
00001db9   SinGen_FiP16_Update
00001e2b   SinGen_FiP16_Save
00001e57   SinGen_FiP16_Load
00001e7f   SinGen_FiP16_Init
00001e8d   SinGen_FiP16_GetAddress
00001eb1   I_FiP16_Update
00001f19   I_FiP16_Save
00001f37   I_FiP16_Load
00001f4b   I_FiP16_Init
00001f63   I_FiP16_GetAddress
00001f8d   getAbsValR64
00001f9f   getAbsValR32
00001faf   getAbsValI8
00001fc3   getAbsValI64
00001fe3   getAbsValI32
00001ff7   getAbsValI16
0000200d   Common_Update
0000200f   Common_Save
00002017   Common_Load
0000201b   Common_Init
0000201d   Common_GetAddress
0000203d   AutoSwitch_FiP16_Update
0000206f   AutoSwitch_FiP16_Save
00002091   AutoSwitch_FiP16_Load
000020ad   AutoSwitch_FiP16_Init
000020b9   AutoSwitch_FiP16_GetAddress
000020db   __aeabi_memcpy
000020db   __aeabi_memcpy4
000020db   __aeabi_memcpy8
000020db   memcpy
00002179   __TI_auto_init
0000220d   __aeabi_cdcmpeq
0000220d   __aeabi_cdcmple
00002293   __aeabi_cdrcmple
00002319   __aeabi_cfcmpeq
00002319   __aeabi_cfcmple
00002379   __aeabi_cfrcmple
0000243f   linkSerial
0000244b   initSerialGeneric
00002485   initTableStruct
000024ad   addTableStructProtocol
000024cd   copy_in
00002511   C$$EXIT
00002515   abort
0000251d   exit
00002555   Constant_FiP16_Save
00002571   Constant_FiP16_Load
00002581   Constant_FiP16_Init
0000258b   Constant_FiP16_GetAddress
00002595   Constant_FiP8_Save
000025ab   Constant_FiP8_Load
000025b3   Constant_FiP8_Init
000025bf   Constant_FiP8_GetAddress
000025c9   _c_int00
000025fd   Delay_FiP16_Update
00002609   Delay_FiP16_Init
00002617   Delay_FiP16_GetAddress
00002629   UnusedISR
0000262b   Timer0IntHandler
00002647   ResetISR
00002655   Negation_FiP16_Update
00002661   Negation_FiP16_Init
0000266d   Negation_FiP16_GetAddress
00002681   _args_main
00002699   _register_unlock
0000269f   _register_lock
000026a7   _nop
000026ad   __TI_zero_init
000026bf   __TI_decompress_none
000026cd   __TI_decompress_rle24
000026d4   Sin_Table16
000028d8   blockFunctionTable
000029c8   parameterIdTable
00002a88   compilationDate
00002ab8   __TI_Handler_Table_Base
00002ac4   __TI_Handler_Table_Limit
00002ad0   __TI_CINIT_Base
00002ae0   __TI_CINIT_Limit
20000000   ScopeArray
20001488   TScope
2000156c   TheTableStruct
2000159c   TOscillator__I
200015dc   TAutoSwitch
200015f4   TAutoSwitch1
2000160c   TOscillator__AutoSwitch
20001624   TSin3Gen
2000163c   TSinGen
2000166c   Outports
2000167c   TOscillator__Delay
20001688   TOscillator__Negation
20001694   Inports
2000169a   TAmplitude
200016a0   TFrequency
200016a6   TLED_off
200016ac   TLED_on
200016b2   TOscillator__C_1
200016b8   TOscillator__C_init
200016be   TOscillator__C_enable
200016c4   __stack
200018c4   __STACK_END
200018c4   __STACK_TOP
200018c4   _lock
200018c8   _unlock
200018cc   __TI_cleanup_ptr
200018d0   __TI_dtors_ptr
200018d4   TableStruct
200018e0   main_func_sp
ffffffff   __binit__
ffffffff   __c_args__
ffffffff   binit
UNDEFED    SHT$$INIT_ARRAY$$Base
UNDEFED    SHT$$INIT_ARRAY$$Limit

[144 symbols]
