******************************************************************************
             TMS320C2000 Linker PC v6.1.6                      
******************************************************************************
>> Linked Mon Dec 12 17:44:06 2016

OUTPUT FILE NAME:   <../Blinky.out>
ENTRY POINT SYMBOL: "_c_int00"  address: 00301170


MEMORY CONFIGURATION

         name            origin    length      used     unused   attr    fill
----------------------  --------  ---------  --------  --------  ----  --------
PAGE 0:
  FLASH                 00300000   0003ff80  00001cde  0003e2a2  RWIX
  BEGIN                 0033fff6   00000002  00000002  00000000  RWIX

PAGE 1:
  DEV_EMU               00000880   00000180  000000d0  000000b0  RWIX
  FLASH_REGS            00000a80   00000060  00000008  00000058  RWIX
  CSM                   00000ae0   00000010  00000010  00000000  RWIX
  ADC_MIRROR            00000b00   00000010  00000010  00000000  RWIX
  XINTF                 00000b20   00000020  0000001e  00000002  RWIX
  CPU_TIMER0            00000c00   00000008  00000008  00000000  RWIX
  CPU_TIMER1            00000c08   00000008  00000008  00000000  RWIX
  CPU_TIMER2            00000c10   00000008  00000008  00000000  RWIX
  PIE_CTRL              00000ce0   00000020  0000001a  00000006  RWIX
  PIE_VECT              00000d00   00000100  00000100  00000000  RWIX
  DMA                   00001000   00000200  000000e0  00000120  RWIX
  MCBSPA                00005000   00000040  00000025  0000001b  RWIX
  MCBSPB                00005040   00000040  00000025  0000001b  RWIX
  ECANA                 00006000   00000040  00000034  0000000c  RWIX
  ECANA_LAM             00006040   00000040  00000040  00000000  RWIX
  ECANA_MOTS            00006080   00000040  00000040  00000000  RWIX
  ECANA_MOTO            000060c0   00000040  00000040  00000000  RWIX
  ECANA_MBOX            00006100   00000100  00000100  00000000  RWIX
  ECANB                 00006200   00000040  00000034  0000000c  RWIX
  ECANB_LAM             00006240   00000040  00000040  00000000  RWIX
  ECANB_MOTS            00006280   00000040  00000040  00000000  RWIX
  ECANB_MOTO            000062c0   00000040  00000040  00000000  RWIX
  ECANB_MBOX            00006300   00000100  00000100  00000000  RWIX
  EPWM1                 00006800   00000022  00000022  00000000  RWIX
  EPWM2                 00006840   00000022  00000022  00000000  RWIX
  EPWM3                 00006880   00000022  00000022  00000000  RWIX
  EPWM4                 000068c0   00000022  00000022  00000000  RWIX
  EPWM5                 00006900   00000022  00000022  00000000  RWIX
  EPWM6                 00006940   00000022  00000022  00000000  RWIX
  ECAP1                 00006a00   00000020  00000020  00000000  RWIX
  ECAP2                 00006a20   00000020  00000020  00000000  RWIX
  ECAP3                 00006a40   00000020  00000020  00000000  RWIX
  ECAP4                 00006a60   00000020  00000020  00000000  RWIX
  ECAP5                 00006a80   00000020  00000020  00000000  RWIX
  ECAP6                 00006aa0   00000020  00000020  00000000  RWIX
  EQEP1                 00006b00   00000040  00000040  00000000  RWIX
  EQEP2                 00006b40   00000040  00000040  00000000  RWIX
  GPIOCTRL              00006f80   00000040  0000002e  00000012  RWIX
  GPIODAT               00006fc0   00000020  00000020  00000000  RWIX
  GPIOINT               00006fe0   00000020  0000000a  00000016  RWIX
  SYSTEM                00007010   00000020  00000020  00000000  RWIX
  SPIA                  00007040   00000010  00000010  00000000  RWIX
  SCIA                  00007050   00000010  00000010  00000000  RWIX
  XINTRUPT              00007070   00000010  00000010  00000000  RWIX
  ADC                   00007100   00000020  0000001e  00000002  RWIX
  SCIB                  00007750   00000010  00000010  00000000  RWIX
  SCIC                  00007770   00000010  00000010  00000000  RWIX
  I2CA                  00007900   00000040  00000022  0000001e  RWIX
  RAM                   00008000   00008000  000014d5  00006b2b  RWIX
  CSM_PWL               0033fff8   00000008  00000008  00000000  RWIX
  PARTID                00380090   00000001  00000001  00000000  RWIX


SECTION ALLOCATION MAP

 output                                  attributes/
section   page    origin      length       input sections
--------  ----  ----------  ----------   ----------------
.reset     1    00008000    00000002     DSECT
                  00008000    00000002     rts2800_fpu32.lib : boot.obj (.reset)

.text      0    00300000    00001317     
                  00300000    0000067b     Scope_Main.obj (.text)
                  0030067b    00000262     Services.obj (.text)
                  003008dd    0000024a     LNet.obj (.text)
                  00300b27    00000001     --HOLE-- [fill = 0]
                  00300b28    000001ac     BlockServicesX2C.obj (.text)
                  00300cd4    000001a3     Hardware.obj (.text)
                  00300e77    000000c8     Km6x3_FiP16.obj (.text)
                  00300f3f    0000008f     X2C.obj (.text)
                  00300fce    00000078     Main.obj (.text)
                  00301046    00000072     CommonFcts.obj (.text)
                  003010b8    00000071     C28xx_Control_FPU.lib : uI_FiP16.obj (.text)
                  00301129    00000047     Hardware.obj (.text:retain)
                  00301170    00000046     rts2800_fpu32.lib : boot.obj (.text)
                  003011b6    00000044     TableStruct.obj (.text)
                  003011fa    0000002a     rts2800_fpu32.lib : fd_cmp.obj (.text)
                  00301224    00000028     SerialGeneric.obj (.text)
                  0030124c    00000021     C28xx_General_FPU.lib : Constant_FiP16.obj (.text)
                  0030126d    00000021     rts2800_fpu32.lib : memcpy_ff.obj (.text)
                  0030128e    0000001e                       : ll_cmp.obj (.text)
                  003012ac    0000001c     C28xx_General_FPU.lib : Constant_FiP8.obj (.text)
                  003012c8    00000019     rts2800_fpu32.lib : args_main.obj (.text)
                  003012e1    00000019                       : exit.obj (.text)
                  003012fa    0000000b                       : u_div.obj (.text)
                  00301305    00000009                       : _lock.obj (.text)
                  0030130e    00000009                       : fd_neg.obj (.text)

.econst    0    00301318    00000988     
                  00301318    00000900     FlashTable.obj (.econst:_FlashTable_int16)
                  00301c18    00000048     X2C.obj (.econst:_blockFunctionTable)
                  00301c60    00000028     X2C.obj (.econst:_parameterIdTable)
                  00301c88    00000013     Main.obj (.econst)
                  00301c9b    00000001     --HOLE-- [fill = 0]
                  00301c9c    00000004     CommonFcts.obj (.econst)

ramfuncs   0    00301ca0    0000001f     RUN ADDR = 000094b6
                  00301ca0    0000001f     Hardware.obj (ramfuncs)

.cinit     0    00301cbf    00000020     
                  00301cbf    0000000a     rts2800_fpu32.lib : _lock.obj (.cinit)
                  00301cc9    0000000a                       : exit.obj (.cinit)
                  00301cd3    00000005     LNet.obj (.cinit)
                  00301cd8    00000005     Main.obj (.cinit)
                  00301cdd    00000002     --HOLE-- [fill = 0]

.begin     0    0033fff6    00000002     
                  0033fff6    00000002     Boot.obj (.begin)

DevEmuRegsFile 
*          1    00000880    000000d0     UNINITIALIZED
                  00000880    000000d0     DSP2833x_GlobalVariableDefs.obj (DevEmuRegsFile)

FlashRegsFile 
*          1    00000a80    00000008     UNINITIALIZED
                  00000a80    00000008     DSP2833x_GlobalVariableDefs.obj (FlashRegsFile)

CsmRegsFile 
*          1    00000ae0    00000010     UNINITIALIZED
                  00000ae0    00000010     DSP2833x_GlobalVariableDefs.obj (CsmRegsFile)

AdcMirrorFile 
*          1    00000b00    00000010     UNINITIALIZED
                  00000b00    00000010     DSP2833x_GlobalVariableDefs.obj (AdcMirrorFile)

XintfRegsFile 
*          1    00000b20    0000001e     UNINITIALIZED
                  00000b20    0000001e     DSP2833x_GlobalVariableDefs.obj (XintfRegsFile)

CpuTimer0RegsFile 
*          1    00000c00    00000008     UNINITIALIZED
                  00000c00    00000008     DSP2833x_GlobalVariableDefs.obj (CpuTimer0RegsFile)

CpuTimer1RegsFile 
*          1    00000c08    00000008     UNINITIALIZED
                  00000c08    00000008     DSP2833x_GlobalVariableDefs.obj (CpuTimer1RegsFile)

CpuTimer2RegsFile 
*          1    00000c10    00000008     UNINITIALIZED
                  00000c10    00000008     DSP2833x_GlobalVariableDefs.obj (CpuTimer2RegsFile)

PieCtrlRegsFile 
*          1    00000ce0    0000001a     UNINITIALIZED
                  00000ce0    0000001a     DSP2833x_GlobalVariableDefs.obj (PieCtrlRegsFile)

PieVectTableFile 
*          1    00000d00    00000100     UNINITIALIZED
                  00000d00    00000100     DSP2833x_GlobalVariableDefs.obj (PieVectTableFile)

DmaRegsFile 
*          1    00001000    000000e0     UNINITIALIZED
                  00001000    000000e0     DSP2833x_GlobalVariableDefs.obj (DmaRegsFile)

McbspaRegsFile 
*          1    00005000    00000025     UNINITIALIZED
                  00005000    00000025     DSP2833x_GlobalVariableDefs.obj (McbspaRegsFile)

McbspbRegsFile 
*          1    00005040    00000025     UNINITIALIZED
                  00005040    00000025     DSP2833x_GlobalVariableDefs.obj (McbspbRegsFile)

ECanaRegsFile 
*          1    00006000    00000034     UNINITIALIZED
                  00006000    00000034     DSP2833x_GlobalVariableDefs.obj (ECanaRegsFile)

ECanaLAMRegsFile 
*          1    00006040    00000040     UNINITIALIZED
                  00006040    00000040     DSP2833x_GlobalVariableDefs.obj (ECanaLAMRegsFile)

ECanaMOTSRegsFile 
*          1    00006080    00000040     UNINITIALIZED
                  00006080    00000040     DSP2833x_GlobalVariableDefs.obj (ECanaMOTSRegsFile)

ECanaMOTORegsFile 
*          1    000060c0    00000040     UNINITIALIZED
                  000060c0    00000040     DSP2833x_GlobalVariableDefs.obj (ECanaMOTORegsFile)

ECanaMboxesFile 
*          1    00006100    00000100     UNINITIALIZED
                  00006100    00000100     DSP2833x_GlobalVariableDefs.obj (ECanaMboxesFile)

ECanbRegsFile 
*          1    00006200    00000034     UNINITIALIZED
                  00006200    00000034     DSP2833x_GlobalVariableDefs.obj (ECanbRegsFile)

ECanbLAMRegsFile 
*          1    00006240    00000040     UNINITIALIZED
                  00006240    00000040     DSP2833x_GlobalVariableDefs.obj (ECanbLAMRegsFile)

ECanbMOTSRegsFile 
*          1    00006280    00000040     UNINITIALIZED
                  00006280    00000040     DSP2833x_GlobalVariableDefs.obj (ECanbMOTSRegsFile)

ECanbMOTORegsFile 
*          1    000062c0    00000040     UNINITIALIZED
                  000062c0    00000040     DSP2833x_GlobalVariableDefs.obj (ECanbMOTORegsFile)

ECanbMboxesFile 
*          1    00006300    00000100     UNINITIALIZED
                  00006300    00000100     DSP2833x_GlobalVariableDefs.obj (ECanbMboxesFile)

EPwm1RegsFile 
*          1    00006800    00000022     UNINITIALIZED
                  00006800    00000022     DSP2833x_GlobalVariableDefs.obj (EPwm1RegsFile)

EPwm2RegsFile 
*          1    00006840    00000022     UNINITIALIZED
                  00006840    00000022     DSP2833x_GlobalVariableDefs.obj (EPwm2RegsFile)

EPwm3RegsFile 
*          1    00006880    00000022     UNINITIALIZED
                  00006880    00000022     DSP2833x_GlobalVariableDefs.obj (EPwm3RegsFile)

EPwm4RegsFile 
*          1    000068c0    00000022     UNINITIALIZED
                  000068c0    00000022     DSP2833x_GlobalVariableDefs.obj (EPwm4RegsFile)

EPwm5RegsFile 
*          1    00006900    00000022     UNINITIALIZED
                  00006900    00000022     DSP2833x_GlobalVariableDefs.obj (EPwm5RegsFile)

EPwm6RegsFile 
*          1    00006940    00000022     UNINITIALIZED
                  00006940    00000022     DSP2833x_GlobalVariableDefs.obj (EPwm6RegsFile)

ECap1RegsFile 
*          1    00006a00    00000020     UNINITIALIZED
                  00006a00    00000020     DSP2833x_GlobalVariableDefs.obj (ECap1RegsFile)

ECap2RegsFile 
*          1    00006a20    00000020     UNINITIALIZED
                  00006a20    00000020     DSP2833x_GlobalVariableDefs.obj (ECap2RegsFile)

ECap3RegsFile 
*          1    00006a40    00000020     UNINITIALIZED
                  00006a40    00000020     DSP2833x_GlobalVariableDefs.obj (ECap3RegsFile)

ECap4RegsFile 
*          1    00006a60    00000020     UNINITIALIZED
                  00006a60    00000020     DSP2833x_GlobalVariableDefs.obj (ECap4RegsFile)

ECap5RegsFile 
*          1    00006a80    00000020     UNINITIALIZED
                  00006a80    00000020     DSP2833x_GlobalVariableDefs.obj (ECap5RegsFile)

ECap6RegsFile 
*          1    00006aa0    00000020     UNINITIALIZED
                  00006aa0    00000020     DSP2833x_GlobalVariableDefs.obj (ECap6RegsFile)

EQep1RegsFile 
*          1    00006b00    00000040     UNINITIALIZED
                  00006b00    00000040     DSP2833x_GlobalVariableDefs.obj (EQep1RegsFile)

EQep2RegsFile 
*          1    00006b40    00000040     UNINITIALIZED
                  00006b40    00000040     DSP2833x_GlobalVariableDefs.obj (EQep2RegsFile)

GpioCtrlRegsFile 
*          1    00006f80    0000002e     UNINITIALIZED
                  00006f80    0000002e     DSP2833x_GlobalVariableDefs.obj (GpioCtrlRegsFile)

GpioDataRegsFile 
*          1    00006fc0    00000020     UNINITIALIZED
                  00006fc0    00000020     DSP2833x_GlobalVariableDefs.obj (GpioDataRegsFile)

GpioIntRegsFile 
*          1    00006fe0    0000000a     UNINITIALIZED
                  00006fe0    0000000a     DSP2833x_GlobalVariableDefs.obj (GpioIntRegsFile)

SysCtrlRegsFile 
*          1    00007010    00000020     UNINITIALIZED
                  00007010    00000020     DSP2833x_GlobalVariableDefs.obj (SysCtrlRegsFile)

SpiaRegsFile 
*          1    00007040    00000010     UNINITIALIZED
                  00007040    00000010     DSP2833x_GlobalVariableDefs.obj (SpiaRegsFile)

SciaRegsFile 
*          1    00007050    00000010     UNINITIALIZED
                  00007050    00000010     DSP2833x_GlobalVariableDefs.obj (SciaRegsFile)

XIntruptRegsFile 
*          1    00007070    00000010     UNINITIALIZED
                  00007070    00000010     DSP2833x_GlobalVariableDefs.obj (XIntruptRegsFile)

AdcRegsFile 
*          1    00007100    0000001e     UNINITIALIZED
                  00007100    0000001e     DSP2833x_GlobalVariableDefs.obj (AdcRegsFile)

ScibRegsFile 
*          1    00007750    00000010     UNINITIALIZED
                  00007750    00000010     DSP2833x_GlobalVariableDefs.obj (ScibRegsFile)

ScicRegsFile 
*          1    00007770    00000010     UNINITIALIZED
                  00007770    00000010     DSP2833x_GlobalVariableDefs.obj (ScicRegsFile)

I2caRegsFile 
*          1    00007900    00000022     UNINITIALIZED
                  00007900    00000022     DSP2833x_GlobalVariableDefs.obj (I2caRegsFile)

.ebss      1    00008000    000011b6     UNINITIALIZED
                  00008000    00000fa0     Scope_Main.obj (.ebss)
                  00008fa0    00000004     LNet.obj (.ebss)
                  00008fa4    00000004     rts2800_fpu32.lib : _lock.obj (.ebss)
                  00008fa8    00000004                       : exit.obj (.ebss)
                  00008fac    00000014     --HOLE--
                  00008fc0    0000013f     Main.obj (.ebss)
                  000090ff    00000001     --HOLE--
                  00009100    0000007e     X2C.obj (.ebss)
                  0000917e    00000002     --HOLE--
                  00009180    00000036     Services.obj (.ebss)

.bss       1    00008000    00000000     UNINITIALIZED

.stack     1    000091b6    00000300     UNINITIALIZED
                  000091b6    00000300     --HOLE--

CsmPwlFile 
*          1    0033fff8    00000008     UNINITIALIZED
                  0033fff8    00000008     DSP2833x_GlobalVariableDefs.obj (CsmPwlFile)

PartIdRegsFile 
*          1    00380090    00000001     UNINITIALIZED
                  00380090    00000001     DSP2833x_GlobalVariableDefs.obj (PartIdRegsFile)


GLOBAL SYMBOLS: SORTED ALPHABETICALLY BY Name 

address    name
--------   ----
00008000   .bss
00300000   .text
003012e1   C$$EXIT
003011fa   FD$$CMP
0030130e   FD$$NEG
0030128e   LL$$CMP
003012fa   U$$DIV
003012ff   U$$MOD
003012a0   ULL$$CMP
00301138   _ADCIsr
00000b00   _AdcMirror
00007100   _AdcRegs
003010b6   _Common_GetAddress
003010b5   _Common_Init
003010b3   _Common_Load
003010ad   _Common_Save
003010ac   _Common_Update
00301267   _Constant_FiP16_GetAddress
00301262   _Constant_FiP16_Init
00301259   _Constant_FiP16_Load
0030124c   _Constant_FiP16_Save
003012c2   _Constant_FiP8_GetAddress
003012bd   _Constant_FiP8_Init
003012b9   _Constant_FiP8_Load
003012ac   _Constant_FiP8_Save
00000c00   _CpuTimer0Regs
00000c08   _CpuTimer1Regs
00000c10   _CpuTimer2Regs
0033fff8   _CsmPwl
00000ae0   _CsmRegs
00000880   _DevEmuRegs
00001000   _DmaRegs
00006040   _ECanaLAMRegs
000060c0   _ECanaMOTORegs
00006080   _ECanaMOTSRegs
00006100   _ECanaMboxes
00006000   _ECanaRegs
00006240   _ECanbLAMRegs
000062c0   _ECanbMOTORegs
00006280   _ECanbMOTSRegs
00006300   _ECanbMboxes
00006200   _ECanbRegs
00006a00   _ECap1Regs
00006a20   _ECap2Regs
00006a40   _ECap3Regs
00006a60   _ECap4Regs
00006a80   _ECap5Regs
00006aa0   _ECap6Regs
00006800   _EPwm1Regs
00006840   _EPwm2Regs
00006880   _EPwm3Regs
000068c0   _EPwm4Regs
00006900   _EPwm5Regs
00006940   _EPwm6Regs
00006b00   _EQep1Regs
00006b40   _EQep2Regs
00000a80   _FlashRegs
00301318   _FlashTable_int16
00006f80   _GpioCtrlRegs
00006fc0   _GpioDataRegs
00006fe0   _GpioIntRegs
00007900   _I2caRegs
00300f0e   _Km6x3_FiP16_GetAddress
00300efd   _Km6x3_FiP16_Init
00300e77   _Km6x3_FiP16_Update
00005000   _McbspaRegs
00005040   _McbspbRegs
00380090   _PartIdRegs
00000ce0   _PieCtrlRegs
00000d00   _PieVectTable
00301cbf   _RamfuncsLoadEnd
00301ca0   _RamfuncsLoadStart
000094b6   _RamfuncsRunStart
00007050   _SciaRegs
00007750   _ScibRegs
00007770   _ScicRegs
00008000   _ScopeArray
00300679   _Scope_Main_GetAddress
00300615   _Scope_Main_Init
0030057d   _Scope_Main_Load
003002ea   _Scope_Main_Save
003001bb   _Scope_Main_Update
00007040   _SpiaRegs
00007010   _SysCtrlRegs
0000910f   _TEnable
00009109   _TIn
00009103   _TIn1
00009100   _TIn2
0000910c   _TIn3
00009106   _TInit
00009122   _TKm6x3
00009140   _TScope
00008fc0   _TableStruct
00008fe0   _TheTableStruct
00009112   _TuI
00301129   _UnusedIsr
00300f4c   _X2C_Init
00300f3f   _X2C_Update
00300f3f   _X2C_Update_1
00007070   _XIntruptRegs
00000b20   _XintfRegs
000094b6   __STACK_END
00000300   __STACK_SIZE
00000001   __TI_args_main
ffffffff   ___binit__
00008000   ___bss__
ffffffff   ___c_args__
00301cbf   ___cinit__
00008000   ___end__
00301317   ___etext__
0030126d   ___memcpy_ff
ffffffff   ___pinit__
00300000   ___text__
003012c8   __args_main
00008fa8   __cleanup_ptr
00008faa   __dtors_ptr
00008fa6   __lock
0030130d   __nop
00301309   __register_lock
00301305   __register_unlock
000091b6   __stack
00008fa4   __unlock
003012e1   _abort
00300cc3   _addBlockServices
003008c5   _addCoreServices
00300cbc   _addExtendedBlockServices
003011e1   _addTableStructProtocol
00301c18   _blockFunctionTable
00301170   _c_int00
00301c88   _compilationDate
003012e3   _exit
003010a2   _getAbsValI16
00301093   _getAbsValI32
00301074   _getAbsValI64
0030106c   _getAbsValI8
00301065   _getAbsValR32
00301046   _getAbsValR64
00300ba3   _getBlockData
00300b28   _getRAMBlock
000094b6   _initFlash
00300dc3   _initHardware
00300d2c   _initInterruptVector
003008dd   _initLNet
00300cf3   _initSerial
0030122e   _initSerialGeneric
003008b8   _initServiceTable
003011b6   _initTableStruct
00301227   _linkSerial
00300fda   _main
00300fce   _mainTask
00301c60   _parameterIdTable
00300be9   _putBlockData
00300c37   _putRAMBlock
0030082a   _sendError
00300698   _sendSvNotAvailable
00301115   _uI_FiP16_GetAddress
00301106   _uI_FiP16_Init
003010f7   _uI_FiP16_Load
003010e5   _uI_FiP16_Save
003010b8   _uI_FiP16_Update
ffffffff   binit
00301cbf   cinit
00008000   end
00301317   etext
ffffffff   pinit


GLOBAL SYMBOLS: SORTED BY Symbol Address 

address    name
--------   ----
00000001   __TI_args_main
00000300   __STACK_SIZE
00000880   _DevEmuRegs
00000a80   _FlashRegs
00000ae0   _CsmRegs
00000b00   _AdcMirror
00000b20   _XintfRegs
00000c00   _CpuTimer0Regs
00000c08   _CpuTimer1Regs
00000c10   _CpuTimer2Regs
00000ce0   _PieCtrlRegs
00000d00   _PieVectTable
00001000   _DmaRegs
00005000   _McbspaRegs
00005040   _McbspbRegs
00006000   _ECanaRegs
00006040   _ECanaLAMRegs
00006080   _ECanaMOTSRegs
000060c0   _ECanaMOTORegs
00006100   _ECanaMboxes
00006200   _ECanbRegs
00006240   _ECanbLAMRegs
00006280   _ECanbMOTSRegs
000062c0   _ECanbMOTORegs
00006300   _ECanbMboxes
00006800   _EPwm1Regs
00006840   _EPwm2Regs
00006880   _EPwm3Regs
000068c0   _EPwm4Regs
00006900   _EPwm5Regs
00006940   _EPwm6Regs
00006a00   _ECap1Regs
00006a20   _ECap2Regs
00006a40   _ECap3Regs
00006a60   _ECap4Regs
00006a80   _ECap5Regs
00006aa0   _ECap6Regs
00006b00   _EQep1Regs
00006b40   _EQep2Regs
00006f80   _GpioCtrlRegs
00006fc0   _GpioDataRegs
00006fe0   _GpioIntRegs
00007010   _SysCtrlRegs
00007040   _SpiaRegs
00007050   _SciaRegs
00007070   _XIntruptRegs
00007100   _AdcRegs
00007750   _ScibRegs
00007770   _ScicRegs
00007900   _I2caRegs
00008000   .bss
00008000   _ScopeArray
00008000   ___bss__
00008000   ___end__
00008000   end
00008fa4   __unlock
00008fa6   __lock
00008fa8   __cleanup_ptr
00008faa   __dtors_ptr
00008fc0   _TableStruct
00008fe0   _TheTableStruct
00009100   _TIn2
00009103   _TIn1
00009106   _TInit
00009109   _TIn
0000910c   _TIn3
0000910f   _TEnable
00009112   _TuI
00009122   _TKm6x3
00009140   _TScope
000091b6   __stack
000094b6   _RamfuncsRunStart
000094b6   __STACK_END
000094b6   _initFlash
00300000   .text
00300000   ___text__
003001bb   _Scope_Main_Update
003002ea   _Scope_Main_Save
0030057d   _Scope_Main_Load
00300615   _Scope_Main_Init
00300679   _Scope_Main_GetAddress
00300698   _sendSvNotAvailable
0030082a   _sendError
003008b8   _initServiceTable
003008c5   _addCoreServices
003008dd   _initLNet
00300b28   _getRAMBlock
00300ba3   _getBlockData
00300be9   _putBlockData
00300c37   _putRAMBlock
00300cbc   _addExtendedBlockServices
00300cc3   _addBlockServices
00300cf3   _initSerial
00300d2c   _initInterruptVector
00300dc3   _initHardware
00300e77   _Km6x3_FiP16_Update
00300efd   _Km6x3_FiP16_Init
00300f0e   _Km6x3_FiP16_GetAddress
00300f3f   _X2C_Update
00300f3f   _X2C_Update_1
00300f4c   _X2C_Init
00300fce   _mainTask
00300fda   _main
00301046   _getAbsValR64
00301065   _getAbsValR32
0030106c   _getAbsValI8
00301074   _getAbsValI64
00301093   _getAbsValI32
003010a2   _getAbsValI16
003010ac   _Common_Update
003010ad   _Common_Save
003010b3   _Common_Load
003010b5   _Common_Init
003010b6   _Common_GetAddress
003010b8   _uI_FiP16_Update
003010e5   _uI_FiP16_Save
003010f7   _uI_FiP16_Load
00301106   _uI_FiP16_Init
00301115   _uI_FiP16_GetAddress
00301129   _UnusedIsr
00301138   _ADCIsr
00301170   _c_int00
003011b6   _initTableStruct
003011e1   _addTableStructProtocol
003011fa   FD$$CMP
00301227   _linkSerial
0030122e   _initSerialGeneric
0030124c   _Constant_FiP16_Save
00301259   _Constant_FiP16_Load
00301262   _Constant_FiP16_Init
00301267   _Constant_FiP16_GetAddress
0030126d   ___memcpy_ff
0030128e   LL$$CMP
003012a0   ULL$$CMP
003012ac   _Constant_FiP8_Save
003012b9   _Constant_FiP8_Load
003012bd   _Constant_FiP8_Init
003012c2   _Constant_FiP8_GetAddress
003012c8   __args_main
003012e1   C$$EXIT
003012e1   _abort
003012e3   _exit
003012fa   U$$DIV
003012ff   U$$MOD
00301305   __register_unlock
00301309   __register_lock
0030130d   __nop
0030130e   FD$$NEG
00301317   ___etext__
00301317   etext
00301318   _FlashTable_int16
00301c18   _blockFunctionTable
00301c60   _parameterIdTable
00301c88   _compilationDate
00301ca0   _RamfuncsLoadStart
00301cbf   _RamfuncsLoadEnd
00301cbf   ___cinit__
00301cbf   cinit
0033fff8   _CsmPwl
00380090   _PartIdRegs
ffffffff   ___binit__
ffffffff   ___c_args__
ffffffff   ___pinit__
ffffffff   binit
ffffffff   pinit

[165 symbols]
